{"u_token":"ZC1IFc9udS13jAJomnzZnsPzlnpzEtAJ","part_number":"TYPE-C-31-M-12","manufacturer":"HRO Electronics Co., Ltd.","mode":"add-to-library","plugin":".snap","source":"https://www.snapeda.com"}